// Vitest Snapshot v1, https://vitest.dev/guide/snapshot.html

exports[`StatusBadge.vue > renders the correct message 1`] = `"<q-badge outline="" color="positive" label="success"></q-badge>"`;
